c:\users\utente\desktop\assimp, hello world! - 5.0.1\assimp, hello world!\x64\debug\vc143.pdb
c:\users\utente\desktop\assimp, hello world! - 5.0.1\assimp, hello world!\x64\debug\vc143.idb
c:\users\utente\desktop\assimp, hello world! - 5.0.1\assimp, hello world!\x64\debug\glad.obj
c:\users\utente\desktop\assimp, hello world! - 5.0.1\assimp, hello world!\x64\debug\main.obj
c:\users\utente\desktop\università\magistrale\2 anno\grafica tridimensionale avanzata\8) model loading\assimp, hello world!\x64\debug\vc143.pdb
c:\users\utente\desktop\università\magistrale\2 anno\grafica tridimensionale avanzata\8) model loading\assimp, hello world!\x64\debug\vc143.idb
c:\users\utente\desktop\università\magistrale\2 anno\grafica tridimensionale avanzata\8) model loading\assimp, hello world!\x64\debug\glad.obj
c:\users\utente\desktop\università\magistrale\2 anno\grafica tridimensionale avanzata\8) model loading\assimp, hello world!\x64\debug\main.obj
c:\users\utente\desktop\assimp, hello world! - 5.0.1\assimp, hello world!\x64\debug\assimp, hello world!.ilk
c:\users\utente\desktop\assimp, hello world! - 5.0.1\x64\debug\assimp, hello world!.exe
c:\users\utente\desktop\assimp, hello world! - 5.0.1\x64\debug\assimp, hello world!.pdb
c:\users\utente\desktop\università\magistrale\2 anno\grafica tridimensionale avanzata\8) model loading\x64\debug\assimp, hello world!.exe
c:\users\utente\desktop\università\magistrale\2 anno\grafica tridimensionale avanzata\8) model loading\assimp, hello world!\x64\debug\assimp, hello world!.ilk
c:\users\utente\desktop\università\magistrale\2 anno\grafica tridimensionale avanzata\8) model loading\x64\debug\assimp, hello world!.pdb
d:\università\magistrale\2° anno\grafica avanzata\teslib\assimp, hello world!\x64\debug\glad.obj
d:\università\magistrale\2° anno\grafica avanzata\teslib\assimp, hello world!\x64\debug\main.obj
d:\università\magistrale\2° anno\grafica avanzata\teslib\assimp, hello world!\x64\debug\assimp, hello world!.ilk
d:\università\magistrale\2° anno\grafica avanzata\teslib\assimp, hello world!\x64\debug\vc143.idb
d:\università\magistrale\2° anno\grafica avanzata\teslib\assimp, hello world!\x64\debug\vc143.pdb
d:\università\magistrale\2° anno\grafica avanzata\teslib\x64\debug\assimp, hello world!.pdb
d:\università\magistrale\2° anno\grafica avanzata\teslib\x64\debug\assimp, hello world!.exe
d:\università\magistrale\2° anno\grafica avanzata\teslib\assimp, hello world!\x64\debug\assimp, .0ab26ef0.tlog\cl.command.1.tlog
d:\università\magistrale\2° anno\grafica avanzata\teslib\assimp, hello world!\x64\debug\assimp, .0ab26ef0.tlog\cl.read.1.tlog
d:\università\magistrale\2° anno\grafica avanzata\teslib\assimp, hello world!\x64\debug\assimp, .0ab26ef0.tlog\cl.write.1.tlog
d:\università\magistrale\2° anno\grafica avanzata\teslib\assimp, hello world!\x64\debug\assimp, .0ab26ef0.tlog\link.command.1.tlog
d:\università\magistrale\2° anno\grafica avanzata\teslib\assimp, hello world!\x64\debug\assimp, .0ab26ef0.tlog\link.read.1.tlog
d:\università\magistrale\2° anno\grafica avanzata\teslib\assimp, hello world!\x64\debug\assimp, .0ab26ef0.tlog\link.write.1.tlog
